before:
- header: ''
  tags:
  - a
  - b
  - c
commands:
- entrySelectTagsFromStart
- tagsNext
- tagsDelete
- tagsNext
- tagsRemove
after:
- header: ''
  tags:
  - b
