before:
- header:
  tags:
  - a
  - b
commands:
- entrySelectTagsFromStart
- tagsNext
- tagsNext
- tagsInsert x
- tagsPrev
- tagsPrev
- tagsInsert y
after:
- header: ''
  tags:
  - ay
  - xb
